[debug] [2025-07-01T06:16:48.141Z] ----------------------------------------------------------------------
[debug] [2025-07-01T06:16:48.146Z] Command:       /usr/local/bin/node /usr/local/bin/firebase init hosting
[debug] [2025-07-01T06:16:48.146Z] CLI Version:   14.9.0
[debug] [2025-07-01T06:16:48.146Z] Platform:      darwin
[debug] [2025-07-01T06:16:48.146Z] Node Version:  v22.12.0
[debug] [2025-07-01T06:16:48.146Z] Time:          Tue Jul 01 2025 14:16:48 GMT+0800 (Philippine Standard Time)
[debug] [2025-07-01T06:16:48.146Z] ----------------------------------------------------------------------
[debug] 
[debug] [2025-07-01T06:16:48.150Z] > command requires scopes: ["email","openid","https://www.googleapis.com/auth/cloudplatformprojects.readonly","https://www.googleapis.com/auth/firebase","https://www.googleapis.com/auth/cloud-platform"]
[debug] [2025-07-01T06:16:48.150Z] > authorizing via signed-in user (reconductation32@gmail.com)
[info] 
     ######## #### ########  ######## ########     ###     ######  ########
     ##        ##  ##     ## ##       ##     ##  ##   ##  ##       ##
     ######    ##  ########  ######   ########  #########  ######  ######
     ##        ##  ##    ##  ##       ##     ## ##     ##       ## ##
     ##       #### ##     ## ######## ########  ##     ##  ######  ########

You're about to initialize a Firebase project in this directory:

  /Users/charleslawrenceaniciete/Downloads/SafePin

[info] 
=== Project Setup
[info] 
[info] First, let's associate this project directory with a Firebase project.
[info] You can create multiple project aliases by running firebase use --add, 
[info] but for now we'll just set up a default project.
[info] 
[info] i  If you want to create a project in a Google Cloud organization or folder, please use "firebase projects:create" instead, and return to this command when you've created the project. 
[debug] [2025-07-01T06:17:02.772Z] Checked if tokens are valid: true, expires at: 1751353833804
[debug] [2025-07-01T06:17:02.772Z] Checked if tokens are valid: true, expires at: 1751353833804
[debug] [2025-07-01T06:17:02.776Z] >>> [apiv2][query] POST https://firebase.googleapis.com/v1/projects:checkProjectId [none]
[debug] [2025-07-01T06:17:02.776Z] >>> [apiv2][body] POST https://firebase.googleapis.com/v1/projects:checkProjectId {"proposedId":"SafePin"}
[debug] [2025-07-01T06:17:03.351Z] <<< [apiv2][status] POST https://firebase.googleapis.com/v1/projects:checkProjectId 200
[debug] [2025-07-01T06:17:03.352Z] <<< [apiv2][body] POST https://firebase.googleapis.com/v1/projects:checkProjectId {"projectIdStatus":"PROJECT_ID_NOT_VALID","suggestedProjectId":"safepin-3a3a1"}
